// Jest Snapshot v1, https://goo.gl/fbAQLP

exports[`ButtonLink renders correctly 1`] = `
<a
  className="mb-1 box-border border border-blue-400 p-2 text-blue-400 hover:bg-blue-400 hover:text-gray-900 dark:border-blue-700 dark:text-gray-100 dark:hover:bg-blue-700 dark:hover:text-gray-100 lg:mb-0"
  href=""
  rel=""
>
  <i
    aria-hidden="true"
    className="fas fa-angle-left"
  />
  <span>
    test
  </span>
</a>
`;
